0
1
1
4
1
2
2
2
2
4
6
7
3
14
2
25
2
5
3
12
2
4
3
21
2
11
12
5
8
33
3
11
1
1
4
4
1
4
7
37
4
2
3
