19
35
55
inf
38
57
163
inf
37
194
inf
175
78
77
inf
inf
9
13
3
7
4
75
20
21
9
9
15
50
62
111
36
128
26
195
68
76
22
146
128
inf
3
121
211
