42
17
36
17
66
22
13
17
112
75
255
31
189
3
8
14
25
6
10
3
55
4
6
7
34
7
37
75
221
5
11
5
43
16
45
12
81
11
50
81
95
47
81
