13
12
9
16
42
121
88
5
11
2
70
9
19
28
49
10
66
18
30
11
65
48
107
2
18
5
9
1
47
214
24
25
60
25
121
53
1000000000000000000
38
1000000000000000000
15
65
32
1000000000000000000
