11
44
5
116
14
15
49
33
6
14
5
213
8
68
10
235
24
60
67
inf
4
9
9
3
10
46
3
18
7
60
30
42
4
61
32
64
13
11
4
27
6
10
6
