6
26
24
41
19
120
62
148
40
138
20
11
20
72
280
29
132
172
18
86
9
96
62
47
22
inf
22
82
59
21
93
57
103
inf
24
50
28
35
140
85
inf
182
54
