1000000000000000000
15
19
43
25
52
149
100
272
4
13
9
18
29
7
40
33
26
50
1
48
38
19
36
1000000000000000000
31
111
19
48
71
64
166
1000000000000000000
21
119
8
1000000000000000000
54
1000000000000000000
161
179
1
2
