51
220
inf
73
7
10
6
24
11
7
8
12
36
34
15
93
45
129
95
inf
2
51
2
6
25
107
129
inf
43
55
11
80
111
52
inf
117
40
22
15
14
15
139
224
