11
1000000000000000000
12
17
135
1000000000000000000
81
1000000000000000000
41
36
232
1000000000000000000
81
1000000000000000000
61
163
89
88
96
1000000000000000000
13
211
1000000000000000000
1000000000000000000
4
11
62
25
13
60
60
55
37
4
54
1
49
25
236
131
24
2
24
