inf
129
157
300
182
inf
6
62
52
49
9
12
2
137
7
23
147
3
21
45
95
inf
17
4
42
20
10
86
51
inf
22
69
174
130
235
inf
39
94
21
67
12
28
