10
inf
inf
inf
inf
inf
inf
inf
7
47
21
69
45
27
97
inf
91
107
58
inf
146
62
79
inf
46
inf
86
52
27
87
28
inf
32
111
inf
195
inf
142
inf
inf
32
87
