1
7
3
7
12
11
3
4
2
4
6
4
25
26
1
3
6
6
7
20
12
4
0
3
18
15
0
23
14
26
2
8
5
3
6
14
8
50
2
18
3
22
4
5
19
62
3
13
5
74
5
6
35
18
2
6
30
36
12
61
1000000000000000000
103
3
9
7
3
12
25
6
35
3
4
18
19
34
30
23
16
1
19
15
30
12
17
46
8
5
2
5
79
16
167
40
1000000000000000000
2
12
11
21
26
27
40
1000000000000000000
7
45
39
38
69
41
8
1000000000000000000
10
33
24
138
51
4
33
1000000000000000000
31
42
1000000000000000000
1000000000000000000
23
1000000000000000000
38
70
4
2
5
3
4
24
11
29
3
6
47
53
23
13
66
62
7
5
3
26
13
7
41
72
3
2
54
75
5
3
46
87
5
12
7
12
8
21
15
59
2
20
11
111
13
