38
181
46
79
40
52
73
51
46
56
69
112
22
136
80
88
60
152
76
102
42
126
85
49
68
68
48
152
97
43
39
95
89
77
115
188
57
66
66
48
38
40
47
