41
34
62
102
17
70
20
50
16
26
89
93
25
24
23
78
22
74
81
20
47
18
45
32
37
65
89
71
53
59
43
84
34
62
97
117
62
52
54
80
52
105
67
