57
48
68
68
53
70
84
70
46
181
81
74
52
107
95
130
61
31
43
53
87
49
32
123
75
123
72
74
143
107
81
192
98
110
31
76
110
52
78
129
52
138
