58
173
62
123
61
59
1000000000000000000
133
34
44
27
112
36
122
124
181
43
157
79
168
92
160
136
95
102
184
74
189
69
59
229
186
94
69
228
246
173
156
1000000000000000000
267
91
147
