35
25
43
35
33
25
43
25
53
31
30
26
70
53
88
18
20
35
29
33
49
44
36
41
47
44
59
53
57
67
35
39
56
61
40
31
49
43
70
25
27
50
36
57
45
40
66
28
37
28
41
35
42
67
78
39
44
35
53
32
117
49
40
31
46
19
38
27
39
33
68
46
53
16
37
47
57
45
87
24
21
24
57
47
54
65
54
39
51
92
49
48
25
32
127
25
43
32
61
43
58
45
45
22
39
41
55
52
60
56
76
35
55
36
74
57
77
68
68
34
52
44
57
36
101
72
85
21
7
27
31
37
47
50
63
22
27
34
33
39
52
36
87
29
17
28
62
50
32
48
69
38
45
49
25
48
52
54
67
34
41
52
48
55
79
52
56
34
31
34
74
