63
69
52
96
79
21
47
55
50
14
47
26
47
37
53
45
72
45
93
60
108
44
30
74
65
43
35
26
39
41
115
39
62
38
43
62
83
58
46
36
70
59
94
61
92
75
32
53
32
50
62
74
64
55
74
46
138
43
109
83
79
70
64
99
103
50
68
44
108
48
48
13
47
21
30
21
46
12
39
60
68
29
26
33
48
26
37
37
76
48
21
59
66
36
67
98
64
92
72
85
89
18
62
67
46
16
75
14
88
36
42
53
90
46
43
69
99
54
42
34
40
33
58
67
76
33
28
81
110
60
63
92
122
42
39
37
42
40
63
57
49
18
53
45
42
43
47
50
129
35
38
52
45
58
80
60
78
35
51
98
104
57
66
93
142
44
68
54
97
54
98
