181
54
76
132
43
64
32
65
136
95
87
44
222
146
203
290
93
77
46
126
107
205
31
196
228
154
135
231
128
1000000000000000000
77
67
105
160
176
254
153
309
36
25
81
48
121
78
132
77
97
53
41
172
72
139
75
157
67
79
33
174
90
86
137
176
65
154
157
109
133
180
152
94
101
57
72
138
45
90
221
169
117
122
133
97
207
96
205
84
28
98
59
204
72
107
52
303
111
79
254
145
262
1000000000000000000
112
255
56
62
87
206
105
158
105
68
126
57
86
82
74
122
99
251
124
1000000000000000000
152
167
68
119
150
150
166
1000000000000000000
130
251
122
214
140
1000000000000000000
74
154
63
107
102
125
118
308
122
97
63
153
54
224
1000000000000000000
119
47
143
95
209
435
217
294
292
81
69
140
265
130
204
209
179
38
50
17
52
