23
44
30
44
34
34
15
17
42
44
24
21
19
39
36
22
17
21
7
24
38
26
14
29
49
