22
36
25
23
25
43
42
28
41
42
59
49
30
57
35
64
47
34
41
48
42
42
41
44
61
53
63
83
9
43
9
56
22
54
58
60
39
43
21
30
54
95
67
53
33
37
42
38
48
41
52
48
39
52
39
131
67
75
56
52
17
11
33
63
41
36
60
95
25
51
45
39
47
41
57
50
39
24
46
42
30
31
48
56
45
42
47
74
42
52
85
35
34
41
26
37
82
81
34
47
80
27
33
42
74
88
84
78
39
58
47
79
27
48
29
105
71
51
84
57
76
47
88
73
42
17
20
26
38
15
50
48
30
64
50
54
29
110
51
57
49
63
35
55
67
48
65
119
60
74
56
144
41
48
126
41
26
54
45
34
5
43
89
52
36
85
36
79
59
64
131
