16
36
24
21
16
56
31
32
34
8
31
49
52
40
41
25
32
40
53
45
39
34
64
32
40
35
52
44
25
37
43
21
36
16
38
22
56
60
29
31
24
49
55
72
88
57
37
45
44
45
52
34
42
81
48
50
56
89
78
50
63
155
78
26
39
42
20
32
38
35
41
35
24
8
55
61
39
49
42
26
40
45
48
48
49
76
124
36
43
49
46
31
78
21
50
18
35
28
56
22
56
35
43
21
47
51
81
62
90
25
179
31
61
71
35
37
125
59
92
47
86
48
139
74
81
87
111
36
24
41
30
38
51
48
44
45
49
50
80
37
42
76
48
44
23
47
39
40
50
58
45
43
86
17
42
74
71
22
78
17
26
24
55
32
55
44
80
28
33
30
60
