95
119
83
153
120
102
87
107
109
198
141
359
67
51
65
59
54
69
80
224
81
73
103
84
123
51
78
83
29
77
78
31
56
83
104
41
102
77
90
136
66
197
116
66
61
100
87
115
54
70
101
209
89
51
112
193
111
147
100
149
152
51
69
81
60
144
76
96
111
256
71
167
114
237
315
1000000000000000000
52
59
14
61
26
64
66
37
50
26
76
68
24
76
69
46
48
110
70
72
78
63
80
76
76
59
61
175
78
134
47
101
55
82
61
62
114
61
61
130
70
111
99
86
50
48
101
191
86
28
80
132
74
73
134
94
113
58
246
154
69
66
114
1000000000000000000
121
92
61
50
107
82
47
65
79
38
62
249
187
98
131
94
100
99
134
66
34
107
121
94
81
70
142
88
89
241
