40
39
51
21
23
37
28
37
29
41
27
59
40
30
22
25
64
37
29
60
52
76
26
77
40
53
65
48
49
57
25
42
53
59
30
48
37
22
18
27
35
52
18
48
62
35
51
49
63
52
36
57
23
85
54
49
95
48
34
71
32
51
38
28
26
57
26
49
71
26
33
62
66
48
26
36
49
27
49
21
62
53
73
50
48
63
23
113
58
60
32
21
95
61
11
49
32
42
75
89
35
11
51
54
34
55
40
139
83
108
35
44
39
34
54
53
116
63
31
66
31
128
19
115
102
65
25
47
18
23
54
61
58
69
38
39
30
21
32
50
54
48
55
44
59
48
35
81
58
122
28
51
59
66
36
51
68
79
21
29
62
57
29
69
55
58
36
38
37
68
102
