171
83
101
470
61
59
83
128
49
74
264
220
41
153
108
214
116
141
145
220
72
48
66
63
59
83
57
229
95
287
95
107
112
97
76
103
66
71
186
168
120
112
55
253
26
45
129
143
134
188
97
192
88
64
69
29
85
125
73
147
77
170
123
157
79
80
132
182
154
166
82
82
61
1000000000000000000
100
79
84
260
78
306
166
101
118
167
80
63
40
84
37
75
76
91
76
69
86
68
53
47
62
95
42
90
85
130
48
112
72
130
73
93
31
188
83
79
161
55
41
41
55
78
64
90
94
103
35
74
68
165
136
61
75
1000000000000000000
31
86
121
67
115
181
233
258
63
65
66
1000000000000000000
139
77
157
175
88
142
94
38
51
149
76
85
52
282
37
137
100
79
182
225
58
111
81
66
69
130
