39
37
11
5
17
31
62
250
20
247
21
13
7
71
5
82
179
249
33
67
9
1000000000000000000
15
134
205
15
3
9
4
14
1
28
1
11
2
0
6
22
6
55
68
43
4
14
29
53
8
20
42
255
13
120
35
81
28
22
22
241
2
11
4
38
4
37
3
16
9
14
8
4
35
169
170
10
9
10
4
9
26
9
35
4
35
10
119
225
