18
15
1
20
11
7
34
6
25
56
8
20
2
16
5
40
6
72
8
64
6
46
53
6
5
26
1
12
6
8
22
47
19
35
2
17
69
66
40
38
76
1000000000000000000
2
5
13
24
58
31
198
199
14
84
84
92
129
1000000000000000000
146
169
10
5
11
17
1
7
4
84
6
1
15
106
55
469
92
60
1
14
49
48
10
75
4
1000000000000000000
17
101
50
1000000000000000000
