98
13
43
208
88
156
206
inf
206
204
inf
inf
inf
82
inf
inf
36
50
13
11
89
121
41
inf
53
58
140
72
43
inf
inf
inf
97
46
118
14
74
inf
103
inf
68
37
inf
inf
34
inf
inf
inf
41
139
89
8
223
255
inf
inf
30
89
259
inf
71
inf
inf
inf
84
inf
inf
inf
178
202
inf
inf
inf
inf
inf
inf
inf
inf
245
inf
7
30
4
2
27
5
104
83
30
38
28
5
13
21
101
18
5
49
90
40
13
16
135
180
48
inf
91
124
80
inf
inf
53
3
2
10
97
3
88
27
inf
130
241
inf
inf
207
inf
inf
inf
52
115
inf
inf
181
inf
inf
inf
22
246
268
inf
165
inf
inf
inf
16
28
26
23
17
63
85
97
8
20
131
inf
37
inf
131
inf
21
51
29
inf
27
100
inf
inf
69
inf
