79
211
212
7
43
38
75
15
50
13
inf
7
93
inf
inf
127
57
inf
inf
2
24
13
206
9
72
41
31
6
149
89
36
31
32
inf
93
9
66
19
115
13
35
129
inf
21
inf
14
inf
56
52
102
49
11
21
28
130
95
84
inf
27
54
164
174
139
35
inf
164
inf
36
252
67
inf
9
98
inf
inf
145
11
36
260
inf
119
inf
inf
6
10
3
18
14
2
23
47
10
3
11
35
21
34
39
177
5
21
14
9
13
40
73
127
9
34
26
12
30
7
43
7
0
22
19
11
28
22
25
11
2
56
52
161
15
199
62
inf
10
24
4
117
37
62
123
inf
34
50
19
inf
inf
inf
174
inf
0
30
37
79
9
29
50
38
18
88
60
19
50
25
116
49
5
37
61
46
53
3
21
inf
