1000000000000000000
1000000000000000000
1000000000000000000
111
35
185
1000000000000000000
1000000000000000000
195
1000000000000000000
1000000000000000000
1000000000000000000
111
1000000000000000000
1000000000000000000
1000000000000000000
1000000000000000000
1000000000000000000
1000000000000000000
12
21
