15
3
14
41
21
17
4
6
26
68
20
54
13
6
25
65
106
1000000000000000000
5
207
134
1000000000000000000
2
70
6
35
17
18
43
62
9
37
32
101
8
46
76
28
22
14
26
53
57
37
151
153
68
10
29
1000000000000000000
16
130
1000000000000000000
223
6
15
14
17
9
69
210
1000000000000000000
10
91
14
50
19
191
50
231
9
18
21
1000000000000000000
19
95
92
41
22
27
1000000000000000000
180
29
1000000000000000000
1000000000000000000
