1000000000000000000
1000000000000000000
16
43
101
249
69
185
245
1000000000000000000
