1e+18
1e+18
69
1e+18
54
1e+18
8
1e+18
1e+18
1e+18
