1e+18
1e+18
17
137
1e+18
1e+18
41
228
1e+18
1e+18
