1e+18
1e+18
5
256
1e+18
1e+18
134
1e+18
209
1e+18
