171
1e+18
210
13
1e+18
1e+18
1e+18
1e+18
1e+18
1e+18
