40
33
83
62
55
88
78
76
56
46
67
100
50
106
88
124
43
84
100
76
78
79
100
57
81
135
96
83
112
87
20
155
22
51
27
41
43
51
52
63
64
50
39
40
114
92
78
107
35
40
48
37
35
56
80
91
27
64
58
108
65
65
107
95
23
63
51
63
39
73
35
81
33
93
47
106
72
49
116
132
35
41
25
103
66
