159
137
59
50
56
105
18
48
41
176
56
149
51
67
99
114
43
57
51
50
36
68
99
88
54
219
92
52
76
107
140
139
62
252
29
39
60
123
92
96
28
27
60
30
46
166
69
109
90
100
42
62
78
58
94
141
86
125
56
48
42
64
71
56
114
107
62
66
49
102
33
45
114
32
64
55
149
74
38
70
112
69
117
64
79
