55
19
11
52
14
110
19
49
51
56
25
51
77
174
21
55
13
56
15
61
66
42
33
39
59
50
33
89
56
48
13
26
87
76
59
92
108
92
11
18
67
67
83
63
60
129
23
81
24
59
32
81
56
96
45
83
67
71
27
155
113
36
34
58
38
27
45
109
26
179
40
43
50
69
96
161
67
182
21
23
22
35
12
41
25
