80
58
144
30
56
28
103
105
100
98
98
76
32
30
61
36
113
24
97
70
54
55
73
29
66
64
90
59
49
58
31
92
49
50
40
34
55
84
104
36
32
49
95
44
41
72
116
71
64
79
81
81
50
116
106
37
61
65
inf
26
26
2
30
92
85
77
122
83
89
113
196
42
65
77
99
61
61
72
71
61
55
44
63
82
134
