75
45
83
21
52
130
118
17
18
85
131
104
27
61
29
37
80
42
144
52
71
72
82
26
65
46
78
63
77
38
113
56
114
55
112
31
318
94
57
26
49
83
92
58
39
30
104
44
51
66
23
26
114
49
82
39
31
56
71
67
77
126
40
49
95
63
122
76
27
41
55
39
47
32
109
29
51
79
182
51
70
43
45
54
46
