38
35
44
60
41
82
10
52
46
31
7
60
7
90
46
53
67
83
56
74
68
57
20
74
45
62
40
41
81
104
38
82
106
82
37
95
147
132
32
27
47
31
42
34
39
58
62
50
47
79
28
36
114
39
22
34
38
56
39
33
77
79
54
37
85
57
25
52
74
82
6
16
13
47
49
66
45
65
50
21
42
123
92
43
72
40
