19
34
17
28
33
54
42
36
17
56
35
25
44
14
34
52
46
86
14
28
22
30
33
89
27
37
48
48
54
48
53
56
46
85
60
20
67
71
51
53
81
104
16
32
29
31
27
38
35
46
35
30
43
65
37
45
59
57
34
42
52
51
24
45
34
50
39
48
47
59
44
33
67
47
9
51
49
43
39
44
80
63
31
50
23
53
