22
62
47
68
59
70
43
83
30
58
64
93
74
140
59
105
23
91
46
124
65
113
98
106
78
101
65
83
92
105
93
74
36
36
42
34
55
75
51
51
55
50
32
70
96
57
33
72
36
37
69
48
68
58
81
72
42
66
64
62
74
59
161
71
33
74
56
30
48
72
15
84
24
89
67
41
58
100
132
132
47
41
79
47
79
76
