42
29
47
57
51
71
51
89
89
69
54
91
27
19
43
49
66
87
68
103
35
46
67
68
71
45
57
88
45
27
93
37
66
64
28
50
51
67
62
90
43
53
115
76
30
58
32
58
57
66
69
59
38
54
49
40
54
79
85
145
32
58
51
48
45
49
67
116
56
79
62
91
43
70
82
63
18
47
44
69
26
102
42
112
69
