54
76
86
113
66
94
43
42
62
59
50
59
60
37
24
48
58
60
48
66
44
149
19
36
65
66
44
67
56
54
28
102
46
57
47
102
101
53
31
57
66
47
38
70
55
77
57
88
39
82
73
65
56
125
81
62
56
87
63
59
80
98
42
85
87
81
120
116
119
140
17
19
21
35
52
41
48
53
50
16
24
56
60
60
35
