91
29
63
73
42
106
52
51
82
62
44
83
51
112
42
77
108
113
39
58
45
109
74
82
217
55
50
70
73
101
64
62
80
72
26
54
82
76
86
29
71
29
52
20
57
104
109
102
140
114
45
82
147
216
46
55
141
145
50
41
48
86
35
51
69
77
44
37
47
148
30
82
81
53
70
87
71
71
86
62
42
73
75
82
86
