27
60
88
44
55
71
57
55
74
86
32
79
106
135
73
73
97
117
76
112
89
68
86
81
106
56
81
73
61
60
69
29
86
61
89
90
81
32
94
64
47
106
71
144
74
337
43
92
142
97
134
204
133
182
43
85
108
39
49
151
69
208
28
108
77
181
46
80
97
108
50
57
71
54
43
66
86
96
58
93
41
73
166
112
151
