1
4
2
2
1
4
4
2
5
5
4
4
8
2
2
21
4
1
3
1
0
4
4
23
0
7
1
6
1
13
4
7
3
2
2
13
9
8
19
63
2
9
14
12
20
56
16
99
0
1
3
0
1
3
17
12
4
4
4
5
4
2
3
125
4
5
6
27
5
14
2
51
10
2
8
9
4
24
46
48
2
6
0
21
3
25
7
17
1
22
12
76
16
12
22
176
5
27
2
63
9
22
102
34
9
49
74
5
15
35
120
110
0
2
1
2
1
2
6
15
1
1
0
13
3
11
5
4
2
6
2
7
0
17
9
123
11
12
1
60
6
38
25
18
0
4
4
26
5
0
18
6
11
23
7
26
10
20
104
124
1
5
18
134
8
8
6
198
11
13
2
45
14
92
6
1000000000000000000
0
3
4
1
10
3
27
21
5
0
3
65
36
15
60
138
1
9
12
8
9
117
59
142
21
5
83
47
88
135
45
173
0
24
2
66
10
26
8
97
20
58
6
106
76
52
1000000000000000000
209
8
36
32
11
8
198
32
1000000000000000000
37
3
145
1000000000000000000
97
69
111
1000000000000000000
0
2
3
6
1
14
3
8
4
7
1
21
2
37
10
37
2
3
11
16
0
15
4
31
10
20
3
26
21
22
14
29
1
5
2
11
3
1
1
25
6
11
20
35
11
40
21
19
8
14
15
32
3
13
13
78
6
56
10
23
31
26
37
1000000000000000000
0
8
2
8
3
41
6
33
4
11
12
42
16
19
37
144
5
8
17
46
7
42
14
126
15
40
42
89
25
98
47
43
4
8
7
28
12
