49
37
65
98
90
31
43
63
53
91
74
49
69
51
35
43
72
80
51
60
275
